---
source: tests/render.rs
expression: render(&app).backend()
---
" Leeroy  ⚠ TLS NOT VERIFIED ● https://ci.example.com · Jenkins 2.504.1 · a  ⟳ … "
" F1 Jobs                                                                        "
"Jobs ───────────────────────────────────────────────────────────────────────────"
"                                                                                "
"                                  Loading jobs…                                 "
"                                                                                "
"                                                                                "
"                                                                                "
"                                                                                "
"                                                                                "
"                                                                                "
"                                                                                "
"                                                                                "
"                                                                                "
"                                                                                "
"                                                                                "
"                                                                                "
"                                                                                "
"                                                                                "
"                                                                                "
"                                                                                "
"────────────────────────────────────────────────────────────────────────────────"
" ↑/↓  select   Enter  last build   /  filter                                    "
" q  quit   s  settings   ?  help   r  refresh   R  toggle auto-refresh          "
