---
source: tests/render.rs
expression: render(&app).backend()
---
" Leeroy  ● https://ci.example.com · Jenkins 2.504.1 · me                   ⟳ 0s "
"  F1 Jobs                                                                       "
"╭ Jobs (0/6) ──────────────────────────────────────────────────────────────────╮"
"│ filter: nope                                                                 │"
"│                                                                              │"
"│                             No jobs match "nope"                             │"
"│                                                                              │"
"│                                                                              │"
"│                                                                              │"
"│                                                                              │"
"│                                                                              │"
"│                                                                              │"
"│                                                                              │"
"│                                                                              │"
"│                                                                              │"
"│                                                                              │"
"│                                                                              │"
"│                                                                              │"
"│                                                                              │"
"│                                                                              │"
"│                                                                              │"
"╰──────────────────────────────────────────────────────────────────────────────╯"
" Jobs   ↑/↓  select   /  filter   Esc  clear filter                             "
" q  quit   s  settings   ?  help   r  refresh   R  toggle auto-refresh          "
