---
source: tests/render.rs
expression: render(&app).backend()
---
" Leeroy  ⚠ TLS NOT VERIFIED ● https://ci.example.com · Jenkins  h/?  help   ⟳ … "
" 1 Jobs   2 Builds   3 Pipelines   4 Runs                            0 Settings "
"Jobs ───────────────────────────────────────────────────────────────────────────"
"                                                                                "
"                                  Loading jobs…                                 "
"                                                                                "
"                                                                                "
"                                                                                "
"                                                                                "
"                                                                                "
"                                                                                "
"                                                                                "
"                                                                                "
"                                                                                "
"                                                                                "
"                                                                                "
"                                                                                "
"                                                                                "
"                                                                                "
"                                                                                "
"                                                                                "
"                                                                                "
"────────────────────────────────────────────────────────────────────────────────"
" Enter  last build   /  filter                                                  "
