---
source: tests/render.rs
expression: screen
---
" Leeroy  ◌ https://ci.example.com · connecting…                                 "
" F1 Jobs   Settings                                                             "
"Settings ───────────────────────────────────────────────────────────────────────"
"   Config file       /home/user/.config/leeroy/config.toml                      "
"                                                                                "
" ▶ Jenkins URL       https://ci.example.com                                     "
"   Skip TLS verify   off                                                        "
"   Proxy URL         (not set; direct connection)                               "
"   Auto-refresh      on                                                         "
"   Refresh every     10 s (default)                                             "
"   Confirm quit      on                                                         "
"                                                                                "
"   Headers                                                                      "
"   Authorization     ••••••••  (from $LEEROY_JENKINS_HEADERS_AUTHORIZATION)     "
"   X-Forwarded-User  ••••••••                                                   "
"   + add header                                                                 "
"                                                                                "
"   Saved to /home/user/.config/leeroy/config.toml                               "
"                                                                                "
"   Base URL of the Jenkins instance, e.g. https://jenkins.example.com           "
"   For authentication, add headers below rather than user:pass@ in the URL.     "
"────────────────────────────────────────────────────────────────────────────────"
" ↑/↓  select   Enter  edit/toggle   Esc  back                                   "
" q  quit   s  settings   ?  help   r  refresh   R  toggle auto-refresh          "
