---
source: tests/render.rs
expression: "render_after(&[Action::OpenSettings]).backend()"
---
" Leeroy  ○ not connected                                                        "
"  F1 Jobs   Settings                                                            "
"╭ Settings ────────────────────────────────────────────────────────────────────╮"
"│   Config file       /home/user/.config/leeroy/config.toml                    │"
"│                                                                              │"
"│ ▶ Jenkins URL       (not set)                                                │"
"│   Skip TLS verify   off                                                      │"
"│   Proxy URL         (not set; direct connection)                             │"
"│   Auto-refresh      on                                                       │"
"│   Refresh every     10 s (default)                                           │"
"│   Confirm quit      on                                                       │"
"│                                                                              │"
"│   Headers                                                                    │"
"│   + add header                                                               │"
"│                                                                              │"
"│   Base URL of the Jenkins instance, e.g. https://jenkins.example.com         │"
"│   For authentication, add headers below rather than user:pass@ in the URL.   │"
"│                                                                              │"
"│                                                                              │"
"│                                                                              │"
"│                                                                              │"
"╰──────────────────────────────────────────────────────────────────────────────╯"
" Settings   ↑/↓  select   Enter  edit/toggle   Esc  back                        "
" q  quit   s  settings   ?  help   r  refresh   R  toggle auto-refresh          "
