---
source: tests/render.rs
expression: "render_after(&[Action::OpenSettings]).backend()"
---
" Leeroy  ○ not connected                                                        "
"╭ Settings ────────────────────────────────────────────────────────────────────╮"
"│   Config file     /home/user/.config/leeroy/config.toml                      │"
"│                                                                              │"
"│ ▶ Jenkins URL     (not set)                                                  │"
"│   Username        (not set)                                                  │"
"│   API token       (not set)                                                  │"
"│                                                                              │"
"│                                                                              │"
"│                                                                              │"
"│                                                                              │"
"│                                                                              │"
"│                                                                              │"
"│                                                                              │"
"│                                                                              │"
"│                                                                              │"
"│                                                                              │"
"│                                                                              │"
"│                                                                              │"
"│                                                                              │"
"│                                                                              │"
"╰──────────────────────────────────────────────────────────────────────────────╯"
" Settings   ↑/↓  select   Enter  edit   Esc  back                               "
" q  quit   s  settings   ?  help                                                "
