---
source: tests/render.rs
expression: "render_after(&[Action::ToggleHelp]).backend()"
---
" Leeroy  ○ not connected                                                        "
"╭ Jobs ────────────────────────────────────────────────────────────────────────╮"
"│                                                                              │"
"│                        No Jenkins instance configured                        │"
"│                                                                              │"
"│                                                                              │"
"│                                                                              │"
"│                                                                              │"
"│                                                                              │"
"│                   ╔ Help ════════════════════════════════╗                   │"
"│                   ║ Global                               ║                   │"
"│                   ║       q  quit                        ║                   │"
"│                   ║       ?  help                        ║                   │"
"│                   ╚══════════════════════════════════════╝                   │"
"│                                                                              │"
"│                                                                              │"
"│                                                                              │"
"│                                                                              │"
"│                                                                              │"
"│                                                                              │"
"│                                                                              │"
"╰──────────────────────────────────────────────────────────────────────────────╯"
" Help   Esc  close                                                              "
" q  quit   ?  help                                                              "
