---
source: tests/render.rs
expression: render(&app).backend()
---
" Leeroy  ● https://ci.example.com · Jenkins 2.504.1 · me                 ⟳ 1m ✕ "
" F1 Jobs                                                                        "
"Jobs ───────────────────────────────────────────────────────────────────────────"
"                                                                                "
"                               Could not load jobs                              "
"                                    HTTP 502                                    "
"                                Press r to retry                                "
"                                                                                "
"                                                                                "
"                                                                                "
"                                                                                "
"                                                                                "
"                                                                                "
"                                                                                "
"                                                                                "
"                                                                                "
"                                                                                "
"                                                                                "
"                                                                                "
"                                                                                "
"                                                                                "
"────────────────────────────────────────────────────────────────────────────────"
" ↑/↓  select   Enter  last build   /  filter                                    "
" q  quit   s  settings   ?  help   r  refresh   R  toggle auto-refresh          "
