---
source: tests/render.rs
expression: render(&app).backend()
---
" Leeroy  ○ not connected                                                        "
"╭ Settings ────────────────────────────────────────────────────────────────────╮"
"│   Config file     /home/user/.config/leeroy/config.toml                      │"
"│                                                                              │"
"│   Jenkins URL     https://ci.example.com                                     │"
"│ ▶ Username        ci-bot  (from $LEEROY_JENKINS_USERNAME)                    │"
"│   API token       ••••••••                                                   │"
"│                                                                              │"
"│   Saved to /home/user/.config/leeroy/config.toml                             │"
"│                                                                              │"
"│                                                                              │"
"│                                                                              │"
"│                                                                              │"
"│                                                                              │"
"│                                                                              │"
"│                                                                              │"
"│                                                                              │"
"│                                                                              │"
"│                                                                              │"
"│                                                                              │"
"│                                                                              │"
"╰──────────────────────────────────────────────────────────────────────────────╯"
" Settings   ↑/↓  select   Enter  edit   Esc  back                               "
" q  quit   s  settings   ?  help                                                "
