---
source: tests/render.rs
expression: render(&app).backend()
---
" Leeroy  ◌ https://ci.example.com · connecting…                                 "
" F1 Jobs                                                                        "
"Jobs ───────────────────────────────────────────────────────────────────────────"
"                                                                                "
"                      Connecting to https://ci.example.com…                     "
"                                                                                "
"                                                                                "
"                                                                                "
"                                                                                "
"                                                                                "
"                                                                                "
"                                                                                "
"                                                                                "
"                                                                                "
"                                                                                "
"                                                                                "
"                                                                                "
"                                                                                "
"                                                                                "
"                                                                                "
"                                                                                "
"────────────────────────────────────────────────────────────────────────────────"
" ↑/↓  select   Enter  last build   /  filter                                    "
" q  quit   s  settings   ?  help   r  refresh   R  toggle auto-refresh          "
