---
source: tests/render.rs
expression: render(&app).backend()
---
" Leeroy  ● https://ci.example.com · Jenkins 2.504.1 · me                   ⟳ 0s "
" F1 Jobs                                                                        "
"Jobs (2/6) ─────────────────────────────────────────────────────────────────────"
" / api█                                                                         "
"▶ ● success     backend/api/main                                                "
"  ● failed    ⟳ backend/api/release-1.2                                         "
"                                                                                "
"                                                                                "
"                                                                                "
"                                                                                "
"                                                                                "
"                                                                                "
"                                                                                "
"                                                                                "
"                                                                                "
"                                                                                "
"                                                                                "
"                                                                                "
"                                                                                "
"                                                                                "
"                                                                                "
"────────────────────────────────────────────────────────────────────────────────"
" Enter  apply   Esc  cancel   ↑/↓  select   C-u  clear                          "
" q  quit   s  settings   ?  help   r  refresh   R  toggle auto-refresh          "
