---
source: tests/render.rs
expression: render(&app).backend()
---
" Leeroy  ✕ https://ci.example.com · cannot connect: dns error: failed h/?  help "
" 1 Jobs   2 Builds                                                   0 Settings "
"Jobs ───────────────────────────────────────────────────────────────────────────"
"                                                                                "
"                       Cannot reach https://ci.example.com                      "
"         cannot connect: dns error: failed to lookup address information        "
"                   Check the settings (0), or press r to retry                  "
"                                                                                "
"                                                                                "
"                                                                                "
"                                                                                "
"                                                                                "
"                                                                                "
"                                                                                "
"                                                                                "
"                                                                                "
"                                                                                "
"                                                                                "
"                                                                                "
"                                                                                "
"                                                                                "
"                                                                                "
"────────────────────────────────────────────────────────────────────────────────"
" ↑/↓  select   Enter  last build   /  filter                                    "
