---
source: tests/render.rs
expression: prompt
---
" Leeroy  ● https://ci.example.com · Jenkins 2.504.1 · me       h/?  help   ⟳ 0s "
" 1 Jobs   2 Builds   3 Pipelines   4 Pipeline runs                   0 Settings "
"Pipelines (2) ──────────────────────────────────────────────────────────────────"
"  ⟳ unstable libs/core                                         22m ago  22m 00s…"
"▶ ● failure  shop  shop/build                                   9m ago       20s"
"                                                                                "
"                                                                                "
"                                                                                "
"                                                                                "
"                    ╔ Start a run? ════════════════════════╗                    "
"                    ║                                      ║                    "
"                    ║  shop  (shop/build)                  ║                    "
"                    ║  with its default parameters         ║                    "
"                    ║                                      ║                    "
"                    ║  y / Enter start    n / Esc cancel   ║                    "
"                    ╚══════════════════════════════════════╝                    "
"                                                                                "
"                                                                                "
"                                                                                "
"                                                                                "
"                                                                                "
"                                                                                "
"────────────────────────────────────────────────────────────────────────────────"
" y/Enter  start   n/Esc  cancel                                                 "
