---
source: tests/render.rs
expression: "render_after(&[]).backend()"
---
" Leeroy  ○ not connected                                                        "
"╭ Jobs ────────────────────────────────────────────────────────────────────────╮"
"│                                                                              │"
"│                        No Jenkins instance configured                        │"
"│                                                                              │"
"│                                                                              │"
"│                                                                              │"
"│                                                                              │"
"│                                                                              │"
"│                                                                              │"
"│                                                                              │"
"│                                                                              │"
"│                                                                              │"
"│                                                                              │"
"│                                                                              │"
"│                                                                              │"
"│                                                                              │"
"│                                                                              │"
"│                                                                              │"
"│                                                                              │"
"│                                                                              │"
"╰──────────────────────────────────────────────────────────────────────────────╯"
" Jobs                                                                           "
" q  quit   ?  help                                                              "
