---
source: tests/render.rs
expression: screen
---
" Leeroy  ○ not connected                                              h/?  help "
" 1 Jobs   2 Builds   3 Pipelines   4 Runs                            0 Settings "
"Settings ───────────────────────────────────────────────────────────────────────"
"   Config file       /home/user/.config/leeroy/config.toml                      "
"                                                                                "
" Jenkins                                                                        "
"   Jenkins URL       (not set)                                                  "
"   Skip TLS verify   off                                                        "
"   Proxy URL         (not set; direct connection)                               "
"                                                                                "
"   Headers                                                                      "
" ▶ + add header      Authorization: Basic s3cret█                               "
"                                                                                "
" Application                                                                    "
"   Auto-refresh      on                                                         "
"   Refresh every     10 s (default)                                             "
"   Confirm quit      on                                                         "
"   Theme             auto (default; terminal didn't say: dark)                  "
"                                                                                "
"   Extra HTTP headers sent with every request to Jenkins, e.g. for              "
"   authentication.                                                              "
"   Edit as "Name: value"; clear the field to remove it. Values are masked,      "
"────────────────────────────────────────────────────────────────────────────────"
" Enter  save   Esc  cancel   ←/→  cursor   C-u  clear                           "
