---
source: tests/render.rs
expression: render(&app).backend()
---
" Leeroy  ✕ https://ci.example.com · cannot connect: dns error: failed to lookup "
" F1 Jobs                                                                        "
"Jobs ───────────────────────────────────────────────────────────────────────────"
"                                                                                "
"                       Cannot reach https://ci.example.com                      "
"         cannot connect: dns error: failed to lookup address information        "
"                   Check the settings (s), or press r to retry                  "
"                                                                                "
"                                                                                "
"                                                                                "
"                                                                                "
"                                                                                "
"                                                                                "
"                                                                                "
"                                                                                "
"                                                                                "
"                                                                                "
"                                                                                "
"                                                                                "
"                                                                                "
"                                                                                "
"────────────────────────────────────────────────────────────────────────────────"
" ↑/↓  select   Enter  last build   /  filter                                    "
" q  quit   s  settings   ?  help   r  refresh   R  toggle auto-refresh          "
