---
source: tests/render.rs
expression: render(&app).backend()
---
" Leeroy  ✕ https://ci.example.com · cannot connect: dns error: failed to lookup "
"╭ Jobs ────────────────────────────────────────────────────────────────────────╮"
"│                                                                              │"
"│                      Cannot reach https://ci.example.com                     │"
"│        cannot connect: dns error: failed to lookup address information       │"
"│                            Check the settings (s)                            │"
"│                                                                              │"
"│                                                                              │"
"│                                                                              │"
"│                                                                              │"
"│                                                                              │"
"│                                                                              │"
"│                                                                              │"
"│                                                                              │"
"│                                                                              │"
"│                                                                              │"
"│                                                                              │"
"│                                                                              │"
"│                                                                              │"
"│                                                                              │"
"│                                                                              │"
"╰──────────────────────────────────────────────────────────────────────────────╯"
" Jobs                                                                           "
" q  quit   s  settings   ?  help                                                "
