---
source: tests/render.rs
expression: screen
---
" Leeroy  ○ not connected                                              h/?  help "
" 1 Jobs                                                              0 Settings "
"Settings ───────────────────────────────────────────────────────────────────────"
"   Config file       /home/user/.config/leeroy/config.toml                      "
"                                                                                "
" Jenkins                                                                        "
"   Jenkins URL       (not set)                                                  "
"   Skip TLS verify   off                                                        "
" ▶ Proxy URL         (not set; $HTTPS_PROXY: http://me:••••@corp-proxy:3128)    "
"                                                                                "
"   Headers                                                                      "
"   + add header                                                                 "
"                                                                                "
" Application                                                                    "
"   Auto-refresh      on                                                         "
"   Refresh every     10 s (default)                                             "
"   Confirm quit      on                                                         "
"                                                                                "
"   Proxy for reaching Jenkins: scheme://[user:pass@]host:port                   "
"   Schemes: http, https, socks4, socks4a, socks5, socks5h.                      "
"   SOCKS: socks5h:// or socks4a:// resolve DNS on the proxy (remote DNS);       "
"   socks5:// and socks4:// resolve DNS locally. HTTP(S) proxies always resolve  "
"────────────────────────────────────────────────────────────────────────────────"
" ↑/↓  select   Enter  edit/toggle                                               "
