---
source: tests/render.rs
expression: render_after(&actions).backend()
---
" Leeroy  ○ not connected                                                        "
"╭ Settings ────────────────────────────────────────────────────────────────────╮"
"│   Config file       /home/user/.config/leeroy/config.toml                    │"
"│                                                                              │"
"│   Jenkins URL       (not set)                                                │"
"│   Username          (not set)                                                │"
"│   API token         (not set)                                                │"
"│   Skip TLS verify   off                                                      │"
"│ ▶ Proxy URL         ftp://proxy:21█                                          │"
"│                                                                              │"
"│   unsupported scheme "ftp": use one of http, https, socks4, socks4a, socks5, │"
"│   socks5h                                                                    │"
"│                                                                              │"
"│   Proxy for reaching Jenkins: scheme://[user:pass@]host:port                 │"
"│   Schemes: http, https, socks4, socks4a, socks5, socks5h.                    │"
"│   SOCKS: socks5h:// or socks4a:// resolve DNS on the proxy (remote DNS);     │"
"│   socks5:// and socks4:// resolve DNS locally. HTTP(S) proxies always resolve│"
"│   remotely.                                                                  │"
"│   Unset: HTTPS_PROXY / HTTP_PROXY / ALL_PROXY / NO_PROXY are used.           │"
"│                                                                              │"
"│                                                                              │"
"╰──────────────────────────────────────────────────────────────────────────────╯"
" Edit   Enter  save   Esc  cancel   ↑/↓  save & move   ←/→  cursor   C-u  clear "
" q  quit   s  settings   ?  help                                                "
