---
source: tests/render.rs
expression: screen
---
" Leeroy  ○ not connected                                                        "
"╭ Settings ────────────────────────────────────────────────────────────────────╮"
"│   Config file       /home/user/.config/leeroy/config.toml                    │"
"│                                                                              │"
"│   Jenkins URL       (not set)                                                │"
"│   Skip TLS verify   off                                                      │"
"│   Proxy URL         (not set; direct connection)                             │"
"│                                                                              │"
"│   Headers                                                                    │"
"│ ▶ + add header      Authorization: Basic s3cret█                             │"
"│                                                                              │"
"│   Extra HTTP headers sent with every request to Jenkins, e.g. for            │"
"│   authentication.                                                            │"
"│   Edit as "Name: value"; clear the field to remove it. Values are masked,    │"
"│   except while editing.                                                      │"
"│   Examples:                                                                  │"
"│     Authorization: Basic <base64 of user:password>                           │"
"│     Authorization: Bearer <token>                                            │"
"│     X-Forwarded-User: <user>                                                 │"
"│   Basic auth covers reverse-proxy logins and a Jenkins user + API token      │"
"│   alike.                                                                     │"
"╰──────────────────────────────────────────────────────────────────────────────╯"
" Edit   Enter  save   Esc  cancel   ↑/↓  save & move   ←/→  cursor   C-u  clear "
" q  quit   s  settings   ?  help                                                "
