---
source: tests/render.rs
expression: screen
---
" Leeroy  ◌ https://ci.example.com · connecting…                                 "
"╭ Settings ────────────────────────────────────────────────────────────────────╮"
"│   Config file       /home/user/.config/leeroy/config.toml                    │"
"│                                                                              │"
"│ ▶ Jenkins URL       https://ci.example.com                                   │"
"│   Skip TLS verify   off                                                      │"
"│   Proxy URL         (not set; direct connection)                             │"
"│                                                                              │"
"│   Headers                                                                    │"
"│   Authorization     ••••••••  (from $LEEROY_JENKINS_HEADERS_AUTHORIZATION)   │"
"│   X-Forwarded-User  ••••••••                                                 │"
"│   + add header                                                               │"
"│                                                                              │"
"│   Saved to /home/user/.config/leeroy/config.toml                             │"
"│                                                                              │"
"│   Base URL of the Jenkins instance, e.g. https://jenkins.example.com         │"
"│   For authentication, add headers below rather than user:pass@ in the URL.   │"
"│                                                                              │"
"│                                                                              │"
"│                                                                              │"
"│                                                                              │"
"╰──────────────────────────────────────────────────────────────────────────────╯"
" Settings   ↑/↓  select   Enter  edit/toggle   Esc  back                        "
" q  quit   s  settings   ?  help                                                "
