---
source: tests/render.rs
expression: "render_after(&[Action::ToggleHelp]).backend()"
---
" Leeroy  ○ not connected                                                        "
"  F1 Jobs                                                                       "
"╭ Jobs ────────────────────────────────────────────────────────────────────────╮"
"│                                                                              │"
"│                        No Jenkins instance configured                        │"
"│                   ╔ Help ════════════════════════════════╗                   │"
"│                   ║ Global                               ║                   │"
"│                   ║       q  quit                        ║                   │"
"│                   ║       s  settings                    ║                   │"
"│                   ║       ?  help                        ║                   │"
"│                   ║                                      ║                   │"
"│                   ║ Tabs                                 ║                   │"
"│                   ║      F1  Jobs                        ║                   │"
"│                   ║                                      ║                   │"
"│                   ║ Jobs                                 ║                   │"
"│                   ║     ↑/↓  select                      ║                   │"
"│                   ║       /  filter                      ║                   │"
"│                   ║       r  refresh                     ║                   │"
"│                   ║       R  auto-refresh                ║                   │"
"│                   ╚══════════════════════════════════════╝                   │"
"│                                                                              │"
"╰──────────────────────────────────────────────────────────────────────────────╯"
" Help   Esc  close                                                              "
" q  quit   s  settings   ?  help                                                "
