---
source: tests/render.rs
expression: "render_after(&[]).backend()"
---
" Leeroy  ○ not connected                                              h/?  help "
" 1 Jobs   2 Builds   3 Pipelines   4 Pipeline runs                   0 Settings "
"Jobs ───────────────────────────────────────────────────────────────────────────"
"                                                                                "
"                         No Jenkins instance configured                         "
"                          Press 0 to open the settings                          "
"                                                                                "
"                                                                                "
"                                                                                "
"                                                                                "
"                                                                                "
"                                                                                "
"                                                                                "
"                                                                                "
"                                                                                "
"                                                                                "
"                                                                                "
"                                                                                "
"                                                                                "
"                                                                                "
"                                                                                "
"                                                                                "
"────────────────────────────────────────────────────────────────────────────────"
" Enter  last build   b  build   /  filter                                       "
