---
source: tests/render.rs
expression: "render_after(&[Action::ToggleHelp]).backend()"
---
" Leeroy  ○ not connected                                                        "
" F1 Jobs                                                                        "
"Jobs ───────────────────────────────────────────────────────────────────────────"
"                                                                                "
"                    ╔ Help ════════════════════════════════╗                    "
"                    ║ Global                               ║                    "
"                    ║       q  quit                        ║                    "
"                    ║       s  settings                    ║                    "
"                    ║       ?  help                        ║                    "
"                    ║       r  refresh                     ║                    "
"                    ║       R  toggle auto-refresh         ║                    "
"                    ║                                      ║                    "
"                    ║ Tabs                                 ║                    "
"                    ║      F1  Jobs                        ║                    "
"                    ║                                      ║                    "
"                    ║ Jobs                                 ║                    "
"                    ║     ↑/↓  select                      ║                    "
"                    ║   Enter  last build                  ║                    "
"                    ║       /  filter                      ║                    "
"                    ╚══════════════════════════════════════╝                    "
"                                                                                "
"────────────────────────────────────────────────────────────────────────────────"
" Esc  close                                                                     "
" q  quit   s  settings   ?  help   r  refresh   R  toggle auto-refresh          "
